###############################################################################
#
# IAR ELF Linker V8.32.1.169/W32 for ARM                  09/Jul/2022  20:59:28
# Copyright 2007-2018 IAR Systems AB.
#
#    Output file  =  E:\IAR\soh_tester\Debug\Exe\SOH_Tester.out
#    Map file     =  E:\IAR\soh_tester\Debug\List\SOH_Tester.map
#    Command line =  
#        -f C:\Users\mskmu\AppData\Local\Temp\EW655D.tmp
#        (E:\IAR\soh_tester\Debug\Obj\init.o E:\IAR\soh_tester\Debug\Obj\main.o
#        E:\IAR\soh_tester\Debug\Obj\startup_stm32f030x6.o
#        E:\IAR\soh_tester\Debug\Obj\stm32f0xx_hal.o
#        E:\IAR\soh_tester\Debug\Obj\stm32f0xx_hal_adc.o
#        E:\IAR\soh_tester\Debug\Obj\stm32f0xx_hal_adc_ex.o
#        E:\IAR\soh_tester\Debug\Obj\stm32f0xx_hal_cortex.o
#        E:\IAR\soh_tester\Debug\Obj\stm32f0xx_hal_dma.o
#        E:\IAR\soh_tester\Debug\Obj\stm32f0xx_hal_exti.o
#        E:\IAR\soh_tester\Debug\Obj\stm32f0xx_hal_flash.o
#        E:\IAR\soh_tester\Debug\Obj\stm32f0xx_hal_flash_ex.o
#        E:\IAR\soh_tester\Debug\Obj\stm32f0xx_hal_gpio.o
#        E:\IAR\soh_tester\Debug\Obj\stm32f0xx_hal_i2c.o
#        E:\IAR\soh_tester\Debug\Obj\stm32f0xx_hal_i2c_ex.o
#        E:\IAR\soh_tester\Debug\Obj\stm32f0xx_hal_msp.o
#        E:\IAR\soh_tester\Debug\Obj\stm32f0xx_hal_pwr.o
#        E:\IAR\soh_tester\Debug\Obj\stm32f0xx_hal_pwr_ex.o
#        E:\IAR\soh_tester\Debug\Obj\stm32f0xx_hal_rcc.o
#        E:\IAR\soh_tester\Debug\Obj\stm32f0xx_hal_rcc_ex.o
#        E:\IAR\soh_tester\Debug\Obj\stm32f0xx_hal_tim.o
#        E:\IAR\soh_tester\Debug\Obj\stm32f0xx_hal_tim_ex.o
#        E:\IAR\soh_tester\Debug\Obj\stm32f0xx_hal_uart.o
#        E:\IAR\soh_tester\Debug\Obj\stm32f0xx_hal_uart_ex.o
#        E:\IAR\soh_tester\Debug\Obj\stm32f0xx_it.o
#        E:\IAR\soh_tester\Debug\Obj\system_stm32f0xx.o --no_out_extension -o
#        E:\IAR\soh_tester\Debug\Exe\SOH_Tester.out --redirect
#        _Printf=_PrintfFullNoMb --redirect _Scanf=_ScanfFullNoMb --map
#        E:\IAR\soh_tester\Debug\List\SOH_Tester.map --config
#        E:\IAR\soh_tester\stm32f030x6_flash.icf --semihosting --entry
#        __iar_program_start --vfe --text_out locale)
#
###############################################################################

*******************************************************************************
*** RUNTIME MODEL ATTRIBUTES
***

CppFlavor       = *
__SystemLibrary = DLib
__dlib_version  = 6


*******************************************************************************
*** HEAP SELECTION
***

The basic heap was selected because no calls to memory allocation
functions were found in the application outside of system library
functions, and there are calls to deallocation functions in the
application.


*******************************************************************************
*** PLACEMENT SUMMARY
***

"A0":  place at 0x800'0000 { ro section .intvec };
"P1":  place in [from 0x800'0000 to 0x800'7fff] { ro };
define block CSTACK with size = 1K, alignment = 8 { };
define block HEAP with size = 512, alignment = 8 { };
"P2":  place in [from 0x2000'0000 to 0x2000'0fff] {
          rw, block CSTACK, block HEAP };
initialize by copy { rw };

  Section            Kind         Address    Size  Object
  -------            ----         -------    ----  ------
"A0":                                        0xb0
  .intvec            ro code   0x800'0000    0xb0  startup_stm32f030x6.o [1]
                             - 0x800'00b0    0xb0

"P1":                                      0x2ea2
  .text              ro code   0x800'00b0   0x704  stm32f0xx_hal_tim.o [1]
  .text              ro code   0x800'07b4   0x220  stm32f0xx_hal_msp.o [1]
  .text              ro code   0x800'09d4     0x2  stm32f0xx_hal_tim.o [1]
  .text              ro code   0x800'09d6     0x2  stm32f0xx_hal_tim.o [1]
  .text              ro code   0x800'09d8     0x2  stm32f0xx_hal_tim.o [1]
  .text              ro code   0x800'09da     0x2  stm32f0xx_hal_tim.o [1]
  .text              ro code   0x800'09dc     0x2  stm32f0xx_hal_tim_ex.o [1]
  .text              ro code   0x800'09de     0x2  stm32f0xx_hal_tim.o [1]
  .text              ro code   0x800'09e0     0x2  stm32f0xx_hal_tim_ex.o [1]
  .text              ro code   0x800'09e2     0x2  startup_stm32f030x6.o [1]
  .text              ro code   0x800'09e4    0x32  ABImemset.o [4]
  .text              ro code   0x800'0a16     0x2  startup_stm32f030x6.o [1]
  .text              ro code   0x800'0a18   0x218  stm32f0xx_hal_gpio.o [1]
  .text              ro code   0x800'0c30   0x108  stm32f0xx_hal_cortex.o [1]
  .text              ro code   0x800'0d38   0x674  stm32f0xx_hal_rcc.o [1]
  .text              ro code   0x800'13ac     0xc  stm32f0xx_hal.o [1]
  .text              ro code   0x800'13b8    0x50  stm32f0xx_hal.o [1]
  .text              ro code   0x800'1408    0x34  ABImemcpy.o [4]
  .text              ro code   0x800'143c    0xe0  I32DivModFast.o [4]
  .text              ro code   0x800'151c     0x2  IntDivZer.o [4]
  .text              ro code   0x800'151e     0x2  startup_stm32f030x6.o [1]
  .text              ro code   0x800'1520   0x530  stm32f0xx_hal_adc.o [1]
  .text              ro code   0x800'1a50   0x51e  init.o [1]
  .text              ro code   0x800'1f6e     0x2  startup_stm32f030x6.o [1]
  .text              ro code   0x800'1f70    0x20  stm32f0xx_hal.o [1]
  .text              ro code   0x800'1f90   0x1b4  stm32f0xx_hal_tim_ex.o [1]
  .text              ro code   0x800'2144    0x20  IxxToFlt.o [3]
  .text              ro code   0x800'2164    0x32  FltToDbl.o [3]
  .text              ro code   0x800'2196   0x184  DblMul.o [3]
  .text              ro code   0x800'231a    0xc2  DblDiv.o [3]
  .text              ro code   0x800'23dc    0x62  DblToFlt.o [3]
  .text              ro code   0x800'243e     0x2  startup_stm32f030x6.o [1]
  .text              ro code   0x800'2440   0x118  stm32f0xx_hal_rcc_ex.o [1]
  .text              ro code   0x800'2558   0x424  stm32f0xx_hal_uart.o [1]
  .text              ro code   0x800'297c   0x1f0  main.o [1]
  .text              ro code   0x800'2b6c    0xb0  FltMul.o [3]
  .text              ro code   0x800'2c1c    0xaa  FltDiv.o [3]
  .text              ro code   0x800'2cc6     0x2  startup_stm32f030x6.o [1]
  .text              ro code   0x800'2cc8    0x3a  FltToS32.o [3]
  .text              ro code   0x800'2d02     0x2  startup_stm32f030x6.o [1]
  .text              ro code   0x800'2d04    0x34  IxxToDbl.o [3]
  .text              ro code   0x800'2d38    0x52  DblToI32.o [3]
  .text              ro code   0x800'2d8a    0x3c  zero_init3.o [4]
  .text              ro code   0x800'2dc6    0x30  copy_init3.o [4]
  .text              ro code   0x800'2df6     0x2  startup_stm32f030x6.o [1]
  .text              ro code   0x800'2df8    0x28  data_init.o [4]
  .text              ro code   0x800'2e20    0x24  stm32f0xx_it.o [1]
  .text              ro code   0x800'2e44    0x18  stm32f0xx_hal.o [1]
  .iar.init_table    const     0x800'2e5c    0x24  - Linker created -
  .text              ro code   0x800'2e80    0x1e  cmain.o [4]
  .text              ro code   0x800'2e9e     0x4  low_level_init.o [2]
  .text              ro code   0x800'2ea2     0x8  exit.o [2]
  .text              ro code   0x800'2eaa     0x2  startup_stm32f030x6.o [1]
  .text              ro code   0x800'2eac     0xa  cexit.o [4]
  .text              ro code   0x800'2eb6     0x2  startup_stm32f030x6.o [1]
  .text              ro code   0x800'2eb8    0x14  exit.o [5]
  .rodata            const     0x800'2ecc    0x10  stm32f0xx_hal_rcc.o [1]
  .rodata            const     0x800'2edc    0x10  stm32f0xx_hal_rcc.o [1]
  .rodata            const     0x800'2eec    0x10  system_stm32f0xx.o [1]
  .text              ro code   0x800'2efc    0x10  startup_stm32f030x6.o [1]
  .text              ro code   0x800'2f0c     0xc  cstartup_M.o [4]
  Initializer bytes  const     0x800'2f18     0xc  <for P2-1>
  .text              ro code   0x800'2f24     0x2  startup_stm32f030x6.o [1]
  .rodata            const     0x800'2f28     0x8  init.o [1]
  .rodata            const     0x800'2f30     0x8  init.o [1]
  .rodata            const     0x800'2f38     0x8  system_stm32f0xx.o [1]
  .text              ro code   0x800'2f40     0x2  startup_stm32f030x6.o [1]
  .text              ro code   0x800'2f42     0x2  startup_stm32f030x6.o [1]
  .text              ro code   0x800'2f44     0x2  startup_stm32f030x6.o [1]
  .text              ro code   0x800'2f46     0x2  startup_stm32f030x6.o [1]
  .text              ro code   0x800'2f48     0x2  startup_stm32f030x6.o [1]
  .text              ro code   0x800'2f4a     0x2  startup_stm32f030x6.o [1]
  .text              ro code   0x800'2f4c     0x2  startup_stm32f030x6.o [1]
  .text              ro code   0x800'2f4e     0x2  startup_stm32f030x6.o [1]
  .text              ro code   0x800'2f50     0x2  system_stm32f0xx.o [1]
  .rodata            const     0x800'2f52     0x0  zero_init3.o [4]
  .rodata            const     0x800'2f52     0x0  copy_init3.o [4]
                             - 0x800'2f52  0x2ea2

"P2", part 1 of 3:                            0xc
  P2-1                        0x2000'0000     0x9  <Init block>
    .data            inited   0x2000'0000     0x4  stm32f0xx_hal.o [1]
    .data            inited   0x2000'0004     0x4  system_stm32f0xx.o [1]
    .data            inited   0x2000'0008     0x1  stm32f0xx_hal.o [1]
                            - 0x2000'0009     0x9

"P2", part 2 of 3:                          0x20c
  .bss               zero     0x2000'000c    0x84  init.o [1]
  .bss               zero     0x2000'0090    0x48  init.o [1]
  .bss               zero     0x2000'00d8    0x48  init.o [1]
  .bss               zero     0x2000'0120    0x48  init.o [1]
  .bss               zero     0x2000'0168    0x40  init.o [1]
  .bss               zero     0x2000'01a8    0x20  init.o [1]
  .bss               zero     0x2000'01c8     0x4  main.o [1]
  .bss               zero     0x2000'01cc     0x4  main.o [1]
  .bss               zero     0x2000'01d0     0x4  main.o [1]
  .bss               zero     0x2000'01d4     0x4  main.o [1]
  .bss               zero     0x2000'01d8     0x4  main.o [1]
  .bss               zero     0x2000'01dc     0x4  main.o [1]
  .bss               zero     0x2000'01e0     0x4  main.o [1]
  .bss               zero     0x2000'01e4     0x4  main.o [1]
  .bss               zero     0x2000'01e8     0x4  main.o [1]
  .bss               zero     0x2000'01ec     0x4  main.o [1]
  .bss               zero     0x2000'01f0     0x4  main.o [1]
  .bss               zero     0x2000'01f4     0x4  main.o [1]
  .bss               zero     0x2000'01f8     0x4  main.o [1]
  .bss               zero     0x2000'01fc     0x4  main.o [1]
  .bss               zero     0x2000'0200     0x4  main.o [1]
  .bss               zero     0x2000'0204     0x4  main.o [1]
  .bss               zero     0x2000'0208     0x4  main.o [1]
  .bss               zero     0x2000'020c     0x4  stm32f0xx_hal.o [1]
  .bss               zero     0x2000'0210     0x1  init.o [1]
  .bss               zero     0x2000'0211     0x1  init.o [1]
  .bss               zero     0x2000'0212     0x1  init.o [1]
  .bss               zero     0x2000'0213     0x1  init.o [1]
  .bss               zero     0x2000'0214     0x1  init.o [1]
  .bss               zero     0x2000'0215     0x1  init.o [1]
  .bss               zero     0x2000'0216     0x1  init.o [1]
  .bss               zero     0x2000'0217     0x1  init.o [1]
                            - 0x2000'0218   0x20c

"P2", part 3 of 3:                          0x400
  CSTACK                      0x2000'0218   0x400  <Block>
    CSTACK           uninit   0x2000'0218   0x400  <Block tail>
                            - 0x2000'0618   0x400

Unused ranges:

         From           To    Size
         ----           --    ----
   0x800'2f52   0x800'7fff  0x50ae
  0x2000'0618  0x2000'0fff   0x9e8


*******************************************************************************
*** INIT TABLE
***

          Address      Size
          -------      ----
Zero (__iar_zero_init3)
    1 destination range, total size 0x20c:
          0x2000'000c  0x20c

Copy (__iar_copy_init3)
    1 source range, total size 0xc (133% of destination):
           0x800'2f18    0xc
    1 destination range, total size 0x9:
          0x2000'0000    0x9



*******************************************************************************
*** MODULE SUMMARY
***

    Module                  ro code  ro data  rw data
    ------                  -------  -------  -------
command line/config:
    -------------------------------------------------
    Total:

E:\IAR\soh_tester\Debug\Obj: [1]
    init.o                    1 310       16      452
    main.o                      496                68
    startup_stm32f030x6.o       230
    stm32f0xx_hal.o             148        5        9
    stm32f0xx_hal_adc.o       1 328
    stm32f0xx_hal_cortex.o      264
    stm32f0xx_hal_gpio.o        536
    stm32f0xx_hal_msp.o         544
    stm32f0xx_hal_rcc.o       1 652       32
    stm32f0xx_hal_rcc_ex.o      280
    stm32f0xx_hal_tim.o       1 806
    stm32f0xx_hal_tim_ex.o      440
    stm32f0xx_hal_uart.o      1 060
    stm32f0xx_it.o               36
    system_stm32f0xx.o            2       28        4
    -------------------------------------------------
    Total:                   10 132       81      533

dl6M_tln.a: [2]
    exit.o                        8
    low_level_init.o              4
    -------------------------------------------------
    Total:                       12

m6M_tl.a: [3]
    DblDiv.o                    194
    DblMul.o                    388
    DblToFlt.o                   98
    DblToI32.o                   82
    FltDiv.o                    170
    FltMul.o                    176
    FltToDbl.o                   50
    FltToS32.o                   58
    IxxToDbl.o                   52
    IxxToFlt.o                   32
    -------------------------------------------------
    Total:                    1 300

rt6M_tl.a: [4]
    ABImemcpy.o                  52
    ABImemset.o                  50
    I32DivModFast.o             224
    IntDivZer.o                   2
    cexit.o                      10
    cmain.o                      30
    copy_init3.o                 48
    cstartup_M.o                 12
    data_init.o                  40
    zero_init3.o                 60
    -------------------------------------------------
    Total:                      528

shb_l.a: [5]
    exit.o                       20
    -------------------------------------------------
    Total:                       20

    Gaps                                   2
    Linker created                        39    1 024
-----------------------------------------------------
    Grand Total:             11 992      122    1 557


*******************************************************************************
*** ENTRY LIST
***

Entry                       Address   Size  Type      Object
-----                       -------   ----  ----      ------
.iar.init_table$$Base    0x800'2e5c          --   Gb  - Linker created -
.iar.init_table$$Limit   0x800'2e80          --   Gb  - Linker created -
?main                    0x800'2e81         Code  Gb  cmain.o [4]
ADCValue                0x2000'01e0    0x4  Data  Gb  main.o [1]
ADCValuesum             0x2000'01e4    0x4  Data  Gb  main.o [1]
ADC_Enable               0x800'1989   0xb2  Code  Lc  stm32f0xx_hal_adc.o [1]
AHBPrescTable            0x800'2eec   0x10  Data  Gb  system_stm32f0xx.o [1]
APBPrescTable            0x800'2f38    0x8  Data  Gb  system_stm32f0xx.o [1]
BLEED_EN                0x2000'0214    0x1  Data  Gb  init.o [1]
CELL_EN                 0x2000'0216    0x1  Data  Gb  init.o [1]
CSTACK$$Base            0x2000'0218          --   Gb  - Linker created -
CSTACK$$Limit           0x2000'0618          --   Gb  - Linker created -
DCH_OVRD                0x2000'0217    0x1  Data  Gb  init.o [1]
ERROR_LED               0x2000'0210    0x1  Data  Gb  init.o [1]
Error_Handler            0x800'1f69    0x6  Code  Gb  init.o [1]
HAL_ADC_ConfigChannel    0x800'1833  0x156  Code  Gb  stm32f0xx_hal_adc.o [1]
HAL_ADC_GetValue         0x800'182d    0x6  Code  Gb  stm32f0xx_hal_adc.o [1]
HAL_ADC_Init             0x800'1521  0x1ba  Code  Gb  stm32f0xx_hal_adc.o [1]
HAL_ADC_MspInit          0x800'07e1   0x7a  Code  Gb  stm32f0xx_hal_msp.o [1]
HAL_ADC_PollForConversion
                         0x800'1749   0xd6  Code  Gb  stm32f0xx_hal_adc.o [1]
HAL_ADC_Start            0x800'16db   0x66  Code  Gb  stm32f0xx_hal_adc.o [1]
HAL_GPIO_Init            0x800'0a19  0x1e0  Code  Gb  stm32f0xx_hal_gpio.o [1]
HAL_GPIO_WritePin        0x800'0c0d   0x14  Code  Gb  stm32f0xx_hal_gpio.o [1]
HAL_GetTick              0x800'13ad    0xc  Code  Wk  stm32f0xx_hal.o [1]
HAL_IncTick              0x800'2e45   0x18  Code  Wk  stm32f0xx_hal.o [1]
HAL_Init                 0x800'1f71   0x1a  Code  Gb  stm32f0xx_hal.o [1]
HAL_InitTick             0x800'13b9   0x50  Code  Wk  stm32f0xx_hal.o [1]
HAL_MspInit              0x800'07b5   0x2c  Code  Gb  stm32f0xx_hal_msp.o [1]
HAL_NVIC_EnableIRQ       0x800'0d0d    0xa  Code  Gb  stm32f0xx_hal_cortex.o [1]
HAL_NVIC_SetPriority     0x800'0d03    0xa  Code  Gb  stm32f0xx_hal_cortex.o [1]
HAL_RCCEx_PeriphCLKConfig
                         0x800'2441   0xf8  Code  Gb  stm32f0xx_hal_rcc_ex.o [1]
HAL_RCC_ClockConfig      0x800'11b1  0x128  Code  Gb  stm32f0xx_hal_rcc.o [1]
HAL_RCC_GetHCLKFreq      0x800'135d    0x6  Code  Gb  stm32f0xx_hal_rcc.o [1]
HAL_RCC_GetPCLK1Freq     0x800'1363   0x18  Code  Gb  stm32f0xx_hal_rcc.o [1]
HAL_RCC_GetSysClockFreq
                         0x800'12ed   0x6c  Code  Gb  stm32f0xx_hal_rcc.o [1]
HAL_RCC_OscConfig        0x800'0d39  0x466  Code  Gb  stm32f0xx_hal_rcc.o [1]
HAL_SYSTICK_Config       0x800'0d17    0x8  Code  Gb  stm32f0xx_hal_cortex.o [1]
HAL_TIMEx_BreakCallback
                         0x800'09dd    0x2  Code  Wk  stm32f0xx_hal_tim_ex.o [1]
HAL_TIMEx_CommutCallback
                         0x800'09e1    0x2  Code  Wk  stm32f0xx_hal_tim_ex.o [1]
HAL_TIMEx_ConfigBreakDeadTime
                         0x800'20a5   0x5c  Code  Gb  stm32f0xx_hal_tim_ex.o [1]
HAL_TIMEx_MasterConfigSynchronization
                         0x800'204d   0x58  Code  Gb  stm32f0xx_hal_tim_ex.o [1]
HAL_TIMEx_PWMN_Start     0x800'1f91   0xb0  Code  Gb  stm32f0xx_hal_tim_ex.o [1]
HAL_TIM_Base_Init        0x800'00b1   0x5c  Code  Gb  stm32f0xx_hal_tim.o [1]
HAL_TIM_Base_MspInit     0x800'0897   0x30  Code  Gb  stm32f0xx_hal_msp.o [1]
HAL_TIM_Base_Start_IT    0x800'010d   0x56  Code  Gb  stm32f0xx_hal_tim.o [1]
HAL_TIM_IRQHandler       0x800'02ad  0x1ac  Code  Gb  stm32f0xx_hal_tim.o [1]
HAL_TIM_MspPostInit      0x800'08c7   0x82  Code  Gb  stm32f0xx_hal_msp.o [1]
HAL_TIM_PWM_ConfigChannel
                         0x800'0459   0xfa  Code  Gb  stm32f0xx_hal_tim.o [1]
HAL_TIM_PWM_Init         0x800'016d   0x5c  Code  Gb  stm32f0xx_hal_tim.o [1]
HAL_TIM_PWM_MspInit      0x800'085b   0x3c  Code  Gb  stm32f0xx_hal_msp.o [1]
HAL_TIM_PWM_Start        0x800'01c9   0xd2  Code  Gb  stm32f0xx_hal_tim.o [1]
HAL_UART_Init            0x800'2559   0x7a  Code  Gb  stm32f0xx_hal_uart.o [1]
HAL_UART_MspInit         0x800'0949   0x62  Code  Gb  stm32f0xx_hal_msp.o [1]
HEARTBEAT_LED           0x2000'0211    0x1  Data  Gb  init.o [1]
HW_Check                 0x800'1b03   0x70  Code  Gb  init.o [1]
HardFault_Handler        0x800'2e25    0x4  Code  Gb  stm32f0xx_it.o [1]
INPUT_EN                0x2000'0215    0x1  Data  Gb  init.o [1]
I_CELL                  0x2000'01dc    0x4  Data  Gb  main.o [1]
MX_ADC_Init              0x800'1e35   0xd2  Code  Gb  init.o [1]
MX_GPIO_Init             0x800'1bf1   0xb6  Code  Gb  init.o [1]
MX_TIM16_Init            0x800'1de9   0x26  Code  Gb  init.o [1]
MX_TIM1_Init             0x800'1ca7   0xa8  Code  Gb  init.o [1]
MX_TIM3_Init             0x800'1d69   0x74  Code  Gb  init.o [1]
MX_USART1_UART_Init      0x800'1f07   0x30  Code  Gb  init.o [1]
NMI_Handler              0x800'2e21    0x4  Code  Gb  stm32f0xx_it.o [1]
PRECHARGE_EN            0x2000'0213    0x1  Data  Gb  init.o [1]
PendSV_Handler           0x800'2e2b    0x2  Code  Gb  stm32f0xx_it.o [1]
Region$$Table$$Base      0x800'2e5c          --   Gb  - Linker created -
Region$$Table$$Limit     0x800'2e80          --   Gb  - Linker created -
STATUS_LED              0x2000'0212    0x1  Data  Gb  init.o [1]
SVC_Handler              0x800'2e29    0x2  Code  Gb  stm32f0xx_it.o [1]
SysTick_Config           0x800'0cd3   0x30  Code  Lc  stm32f0xx_hal_cortex.o [1]
SysTick_Handler          0x800'2e2d    0x8  Code  Gb  stm32f0xx_it.o [1]
SystemClock_Config       0x800'1b73   0x7e  Code  Gb  init.o [1]
SystemCoreClock         0x2000'0004    0x4  Data  Gb  system_stm32f0xx.o [1]
SystemInit               0x800'2f51    0x2  Code  Gb  system_stm32f0xx.o [1]
TIM16_IRQHandler         0x800'2e35    0xa  Code  Gb  stm32f0xx_it.o [1]
TIM_Base_SetConfig       0x800'0559   0x6a  Code  Gb  stm32f0xx_hal_tim.o [1]
TIM_CCxChannelCmd        0x800'0795   0x20  Code  Gb  stm32f0xx_hal_tim.o [1]
TIM_CCxNChannelCmd       0x800'2125   0x20  Code  Lc  stm32f0xx_hal_tim_ex.o [1]
TIM_OC1_SetConfig        0x800'05c3   0x70  Code  Lc  stm32f0xx_hal_tim.o [1]
TIM_OC2_SetConfig        0x800'0633   0x6e  Code  Gb  stm32f0xx_hal_tim.o [1]
TIM_OC3_SetConfig        0x800'06a1   0x6a  Code  Lc  stm32f0xx_hal_tim.o [1]
TIM_OC4_SetConfig        0x800'070b   0x50  Code  Lc  stm32f0xx_hal_tim.o [1]
UART_AdvFeatureConfig    0x800'2711   0xde  Code  Gb  stm32f0xx_hal_uart.o [1]
UART_CheckIdleState      0x800'27f5   0x64  Code  Gb  stm32f0xx_hal_uart.o [1]
UART_SetConfig           0x800'25d9  0x136  Code  Gb  stm32f0xx_hal_uart.o [1]
UART_WaitOnFlagUntilTimeout
                         0x800'2869   0xe2  Code  Gb  stm32f0xx_hal_uart.o [1]
__ICFEDIT_region_RAM_end__ {Abs}
                        0x2000'0fff         Data  Gb  <internal module>
__ICFEDIT_region_RAM_start__ {Abs}
                        0x2000'0000         Data  Gb  <internal module>
__NVIC_EnableIRQ         0x800'0c31   0x18  Code  Lc  stm32f0xx_hal_cortex.o [1]
__NVIC_SetPriority       0x800'0c49   0x8a  Code  Lc  stm32f0xx_hal_cortex.o [1]
__aeabi_d2f              0x800'23dd         Code  Gb  DblToFlt.o [3]
__aeabi_d2iz             0x800'2d39         Code  Gb  DblToI32.o [3]
__aeabi_d2uiz            0x800'2d5d         Code  Gb  DblToI32.o [3]
__aeabi_ddiv             0x800'231b         Code  Gb  DblDiv.o [3]
__aeabi_dmul             0x800'2197         Code  Gb  DblMul.o [3]
__aeabi_f2d              0x800'2165         Code  Gb  FltToDbl.o [3]
__aeabi_f2iz             0x800'2cc9         Code  Gb  FltToS32.o [3]
__aeabi_fdiv             0x800'2c1d         Code  Gb  FltDiv.o [3]
__aeabi_fmul             0x800'2b6d         Code  Gb  FltMul.o [3]
__aeabi_i2d              0x800'2d25         Code  Gb  IxxToDbl.o [3]
__aeabi_idiv             0x800'1469         Code  Gb  I32DivModFast.o [4]
__aeabi_idiv0            0x800'151d         Code  Gb  IntDivZer.o [4]
__aeabi_idivmod          0x800'1469         Code  Gb  I32DivModFast.o [4]
__aeabi_memclr4          0x800'09e5         Code  Gb  ABImemset.o [4]
__aeabi_memclr8          0x800'09e5         Code  Gb  ABImemset.o [4]
__aeabi_memcpy4          0x800'1409         Code  Gb  ABImemcpy.o [4]
__aeabi_memcpy8          0x800'1409         Code  Gb  ABImemcpy.o [4]
__aeabi_ui2d             0x800'2d05         Code  Gb  IxxToDbl.o [3]
__aeabi_ui2f             0x800'2145         Code  Gb  IxxToFlt.o [3]
__aeabi_uidiv            0x800'146f         Code  Gb  I32DivModFast.o [4]
__aeabi_uidivmod         0x800'146f         Code  Gb  I32DivModFast.o [4]
__cmain                  0x800'2e81         Code  Gb  cmain.o [4]
__exit                   0x800'2eb9   0x14  Code  Gb  exit.o [5]
__iar_Memset4_word       0x800'09e9         Code  Gb  ABImemset.o [4]
__iar_copy_init3         0x800'2dc7   0x30  Code  Gb  copy_init3.o [4]
__iar_d2uiz              0x800'2d61         Code  Gb  DblToI32.o [3]
__iar_data_init3         0x800'2df9   0x28  Code  Gb  data_init.o [4]
__iar_program_start      0x800'2f0d         Code  Gb  cstartup_M.o [4]
__iar_zero_init3         0x800'2d8b   0x3c  Code  Gb  zero_init3.o [4]
__low_level_init         0x800'2e9f    0x4  Code  Gb  low_level_init.o [2]
__vector_table           0x800'0000         Data  Gb  startup_stm32f030x6.o [1]
_call_main               0x800'2e8d         Code  Gb  cmain.o [4]
_exit                    0x800'2ead         Code  Gb  cexit.o [4]
_main                    0x800'2e9b         Code  Gb  cmain.o [4]
count                   0x2000'01fc    0x4  Data  Gb  main.o [1]
count1                  0x2000'0200    0x4  Data  Gb  main.o [1]
dac                     0x2000'01d0    0x4  Data  Gb  main.o [1]
dac_duty                0x2000'01d4    0x4  Data  Gb  main.o [1]
duty                    0x2000'01cc    0x4  Data  Gb  main.o [1]
dv                      0x2000'01ec    0x4  Data  Gb  main.o [1]
exit                     0x800'2ea3    0x8  Code  Gb  exit.o [2]
final                   0x2000'01f8    0x4  Data  Gb  main.o [1]
first                   0x2000'0204    0x4  Data  Gb  main.o [1]
hadc                    0x2000'0168   0x40  Data  Gb  init.o [1]
htim1                   0x2000'0090   0x48  Data  Gb  init.o [1]
htim16                  0x2000'0120   0x48  Data  Gb  init.o [1]
htim3                   0x2000'00d8   0x48  Data  Gb  init.o [1]
huart1                  0x2000'000c   0x84  Data  Gb  init.o [1]
init                     0x800'1a51   0x44  Code  Gb  init.o [1]
main                     0x800'297d  0x1f0  Code  Gb  main.o [1]
pulse                   0x2000'01c8    0x4  Data  Gb  main.o [1]
raw                     0x2000'01a8   0x20  Data  Gb  init.o [1]
ref                     0x2000'01f0    0x4  Data  Gb  main.o [1]
refsum                  0x2000'01f4    0x4  Data  Gb  main.o [1]
second                  0x2000'0208    0x4  Data  Gb  main.o [1]
sensor                  0x2000'01e8    0x4  Data  Gb  main.o [1]
update_ADC               0x800'1aa5   0x5e  Code  Gb  init.o [1]
update_DAC               0x800'1a9d    0x8  Code  Gb  init.o [1]
update_PWM               0x800'1a95    0x8  Code  Gb  init.o [1]
uwTick                  0x2000'020c    0x4  Data  Gb  stm32f0xx_hal.o [1]
uwTickFreq              0x2000'0008    0x1  Data  Gb  stm32f0xx_hal.o [1]
uwTickPrio              0x2000'0000    0x4  Data  Gb  stm32f0xx_hal.o [1]
vg                      0x2000'01d8    0x4  Data  Gb  main.o [1]


[1] = E:\IAR\soh_tester\Debug\Obj
[2] = dl6M_tln.a
[3] = m6M_tl.a
[4] = rt6M_tl.a
[5] = shb_l.a

  11 992 bytes of readonly  code memory
     122 bytes of readonly  data memory
   1 557 bytes of readwrite data memory

Errors: none
Warnings: none
