###############################################################################
#
# IAR ELF Linker V8.32.1.169/W32 for ARM                  17/Feb/2022  21:21:24
# Copyright 2007-2018 IAR Systems AB.
#
#    Output file  =  
#        C:\Users\mskmu\iCloudDrive\Projects\SOH Tester\Cell
#        Tester\IAR\Debug\Exe\SOH_Tester.out
#    Map file     =  
#        C:\Users\mskmu\iCloudDrive\Projects\SOH Tester\Cell
#        Tester\IAR\Debug\List\SOH_Tester.map
#    Command line =  
#        -f C:\Users\mskmu\AppData\Local\Temp\EW4333.tmp
#        ("C:\Users\mskmu\iCloudDrive\Projects\SOH Tester\Cell
#        Tester\IAR\Debug\Obj\main.o" "C:\Users\mskmu\iCloudDrive\Projects\SOH
#        Tester\Cell Tester\IAR\Debug\Obj\startup_stm32f030x6.o"
#        "C:\Users\mskmu\iCloudDrive\Projects\SOH Tester\Cell
#        Tester\IAR\Debug\Obj\stm32f0xx_hal.o"
#        "C:\Users\mskmu\iCloudDrive\Projects\SOH Tester\Cell
#        Tester\IAR\Debug\Obj\stm32f0xx_hal_adc.o"
#        "C:\Users\mskmu\iCloudDrive\Projects\SOH Tester\Cell
#        Tester\IAR\Debug\Obj\stm32f0xx_hal_adc_ex.o"
#        "C:\Users\mskmu\iCloudDrive\Projects\SOH Tester\Cell
#        Tester\IAR\Debug\Obj\stm32f0xx_hal_cortex.o"
#        "C:\Users\mskmu\iCloudDrive\Projects\SOH Tester\Cell
#        Tester\IAR\Debug\Obj\stm32f0xx_hal_dma.o"
#        "C:\Users\mskmu\iCloudDrive\Projects\SOH Tester\Cell
#        Tester\IAR\Debug\Obj\stm32f0xx_hal_exti.o"
#        "C:\Users\mskmu\iCloudDrive\Projects\SOH Tester\Cell
#        Tester\IAR\Debug\Obj\stm32f0xx_hal_flash.o"
#        "C:\Users\mskmu\iCloudDrive\Projects\SOH Tester\Cell
#        Tester\IAR\Debug\Obj\stm32f0xx_hal_flash_ex.o"
#        "C:\Users\mskmu\iCloudDrive\Projects\SOH Tester\Cell
#        Tester\IAR\Debug\Obj\stm32f0xx_hal_gpio.o"
#        "C:\Users\mskmu\iCloudDrive\Projects\SOH Tester\Cell
#        Tester\IAR\Debug\Obj\stm32f0xx_hal_i2c.o"
#        "C:\Users\mskmu\iCloudDrive\Projects\SOH Tester\Cell
#        Tester\IAR\Debug\Obj\stm32f0xx_hal_i2c_ex.o"
#        "C:\Users\mskmu\iCloudDrive\Projects\SOH Tester\Cell
#        Tester\IAR\Debug\Obj\stm32f0xx_hal_msp.o"
#        "C:\Users\mskmu\iCloudDrive\Projects\SOH Tester\Cell
#        Tester\IAR\Debug\Obj\stm32f0xx_hal_pwr.o"
#        "C:\Users\mskmu\iCloudDrive\Projects\SOH Tester\Cell
#        Tester\IAR\Debug\Obj\stm32f0xx_hal_pwr_ex.o"
#        "C:\Users\mskmu\iCloudDrive\Projects\SOH Tester\Cell
#        Tester\IAR\Debug\Obj\stm32f0xx_hal_rcc.o"
#        "C:\Users\mskmu\iCloudDrive\Projects\SOH Tester\Cell
#        Tester\IAR\Debug\Obj\stm32f0xx_hal_rcc_ex.o"
#        "C:\Users\mskmu\iCloudDrive\Projects\SOH Tester\Cell
#        Tester\IAR\Debug\Obj\stm32f0xx_hal_tim.o"
#        "C:\Users\mskmu\iCloudDrive\Projects\SOH Tester\Cell
#        Tester\IAR\Debug\Obj\stm32f0xx_hal_tim_ex.o"
#        "C:\Users\mskmu\iCloudDrive\Projects\SOH Tester\Cell
#        Tester\IAR\Debug\Obj\stm32f0xx_hal_uart.o"
#        "C:\Users\mskmu\iCloudDrive\Projects\SOH Tester\Cell
#        Tester\IAR\Debug\Obj\stm32f0xx_hal_uart_ex.o"
#        "C:\Users\mskmu\iCloudDrive\Projects\SOH Tester\Cell
#        Tester\IAR\Debug\Obj\stm32f0xx_it.o"
#        "C:\Users\mskmu\iCloudDrive\Projects\SOH Tester\Cell
#        Tester\IAR\Debug\Obj\system_stm32f0xx.o" --no_out_extension -o
#        "C:\Users\mskmu\iCloudDrive\Projects\SOH Tester\Cell
#        Tester\IAR\Debug\Exe\SOH_Tester.out" --redirect
#        _Printf=_PrintfFullNoMb --redirect _Scanf=_ScanfFullNoMb --map
#        "C:\Users\mskmu\iCloudDrive\Projects\SOH Tester\Cell
#        Tester\IAR\Debug\List\SOH_Tester.map" --config
#        "C:\Users\mskmu\iCloudDrive\Projects\SOH Tester\Cell
#        Tester\IAR\stm32f030x6_flash.icf" --semihosting --entry
#        __iar_program_start --vfe --text_out locale)
#
###############################################################################

*******************************************************************************
*** RUNTIME MODEL ATTRIBUTES
***

CppFlavor       = *
__SystemLibrary = DLib
__dlib_version  = 6


*******************************************************************************
*** HEAP SELECTION
***

The basic heap was selected because no calls to memory allocation
functions were found in the application outside of system library
functions, and there are calls to deallocation functions in the
application.


*******************************************************************************
*** PLACEMENT SUMMARY
***

"A0":  place at 0x800'0000 { ro section .intvec };
"P1":  place in [from 0x800'0000 to 0x800'7fff] { ro };
define block CSTACK with size = 1K, alignment = 8 { };
define block HEAP with size = 512, alignment = 8 { };
"P2":  place in [from 0x2000'0000 to 0x2000'0fff] {
          rw, block CSTACK, block HEAP };
initialize by copy { rw };

  Section            Kind         Address    Size  Object
  -------            ----         -------    ----  ------
"A0":                                        0xb0
  .intvec            ro code   0x800'0000    0xb0  startup_stm32f030x6.o [1]
                             - 0x800'00b0    0xb0

"P1":                                      0x24e2
  .text              ro code   0x800'00b0   0x704  stm32f0xx_hal_tim.o [1]
  .text              ro code   0x800'07b4   0x220  stm32f0xx_hal_msp.o [1]
  .text              ro code   0x800'09d4     0x2  stm32f0xx_hal_tim.o [1]
  .text              ro code   0x800'09d6     0x2  stm32f0xx_hal_tim.o [1]
  .text              ro code   0x800'09d8     0x2  stm32f0xx_hal_tim.o [1]
  .text              ro code   0x800'09da     0x2  stm32f0xx_hal_tim.o [1]
  .text              ro code   0x800'09dc     0x2  stm32f0xx_hal_tim_ex.o [1]
  .text              ro code   0x800'09de     0x2  stm32f0xx_hal_tim.o [1]
  .text              ro code   0x800'09e0     0x2  stm32f0xx_hal_tim_ex.o [1]
  .text              ro code   0x800'09e2     0x2  startup_stm32f030x6.o [1]
  .text              ro code   0x800'09e4    0x32  ABImemset.o [3]
  .text              ro code   0x800'0a16     0x2  startup_stm32f030x6.o [1]
  .text              ro code   0x800'0a18   0x218  stm32f0xx_hal_gpio.o [1]
  .text              ro code   0x800'0c30   0x108  stm32f0xx_hal_cortex.o [1]
  .text              ro code   0x800'0d38   0x674  stm32f0xx_hal_rcc.o [1]
  .text              ro code   0x800'13ac     0xc  stm32f0xx_hal.o [1]
  .text              ro code   0x800'13b8    0x50  stm32f0xx_hal.o [1]
  .text              ro code   0x800'1408    0x34  ABImemcpy.o [3]
  .text              ro code   0x800'143c    0xe0  I32DivModFast.o [3]
  .text              ro code   0x800'151c     0x2  IntDivZer.o [3]
  .text              ro code   0x800'151e     0x2  startup_stm32f030x6.o [1]
  .text              ro code   0x800'1520   0x45e  main.o [1]
  .text              ro code   0x800'197e     0x2  startup_stm32f030x6.o [1]
  .text              ro code   0x800'1980    0x20  stm32f0xx_hal.o [1]
  .text              ro code   0x800'19a0   0x1b4  stm32f0xx_hal_tim_ex.o [1]
  .text              ro code   0x800'1b54   0x118  stm32f0xx_hal_rcc_ex.o [1]
  .text              ro code   0x800'1c6c   0x330  stm32f0xx_hal_adc.o [1]
  .text              ro code   0x800'1f9c   0x424  stm32f0xx_hal_uart.o [1]
  .text              ro code   0x800'23c0    0x3c  zero_init3.o [3]
  .text              ro code   0x800'23fc    0x30  copy_init3.o [3]
  .text              ro code   0x800'242c    0x28  data_init.o [3]
  .text              ro code   0x800'2454    0x24  stm32f0xx_it.o [1]
  .text              ro code   0x800'2478    0x18  stm32f0xx_hal.o [1]
  .iar.init_table    const     0x800'2490    0x24  - Linker created -
  .text              ro code   0x800'24b4    0x1e  cmain.o [3]
  .text              ro code   0x800'24d2     0x4  low_level_init.o [2]
  .text              ro code   0x800'24d6     0x8  exit.o [2]
  .text              ro code   0x800'24de     0x2  startup_stm32f030x6.o [1]
  .text              ro code   0x800'24e0     0xa  cexit.o [3]
  .text              ro code   0x800'24ea     0x2  startup_stm32f030x6.o [1]
  .text              ro code   0x800'24ec    0x14  exit.o [4]
  .rodata            const     0x800'2500    0x10  stm32f0xx_hal_rcc.o [1]
  .rodata            const     0x800'2510    0x10  stm32f0xx_hal_rcc.o [1]
  .rodata            const     0x800'2520    0x10  system_stm32f0xx.o [1]
  .text              ro code   0x800'2530    0x10  startup_stm32f030x6.o [1]
  Initializer bytes  const     0x800'2540    0x10  <for P2-1>
  .text              ro code   0x800'2550     0xc  cstartup_M.o [3]
  .text              ro code   0x800'255c     0x2  startup_stm32f030x6.o [1]
  .rodata            const     0x800'2560     0x8  main.o [1]
  .rodata            const     0x800'2568     0x8  main.o [1]
  .rodata            const     0x800'2570     0x8  system_stm32f0xx.o [1]
  .text              ro code   0x800'2578     0x2  startup_stm32f030x6.o [1]
  .text              ro code   0x800'257a     0x2  startup_stm32f030x6.o [1]
  .text              ro code   0x800'257c     0x2  startup_stm32f030x6.o [1]
  .text              ro code   0x800'257e     0x2  startup_stm32f030x6.o [1]
  .text              ro code   0x800'2580     0x2  startup_stm32f030x6.o [1]
  .text              ro code   0x800'2582     0x2  startup_stm32f030x6.o [1]
  .text              ro code   0x800'2584     0x2  startup_stm32f030x6.o [1]
  .text              ro code   0x800'2586     0x2  startup_stm32f030x6.o [1]
  .text              ro code   0x800'2588     0x2  startup_stm32f030x6.o [1]
  .text              ro code   0x800'258a     0x2  startup_stm32f030x6.o [1]
  .text              ro code   0x800'258c     0x2  startup_stm32f030x6.o [1]
  .text              ro code   0x800'258e     0x2  startup_stm32f030x6.o [1]
  .text              ro code   0x800'2590     0x2  system_stm32f0xx.o [1]
  .rodata            const     0x800'2592     0x0  zero_init3.o [3]
  .rodata            const     0x800'2592     0x0  copy_init3.o [3]
                             - 0x800'2592  0x24e2

"P2", part 1 of 3:                           0x10
  P2-1                        0x2000'0000     0xd  <Init block>
    .data            inited   0x2000'0000     0x4  main.o [1]
    .data            inited   0x2000'0004     0x4  stm32f0xx_hal.o [1]
    .data            inited   0x2000'0008     0x4  system_stm32f0xx.o [1]
    .data            inited   0x2000'000c     0x1  stm32f0xx_hal.o [1]
                            - 0x2000'000d     0xd

"P2", part 2 of 3:                          0x1a4
  .bss               zero     0x2000'0010    0x84  main.o [1]
  .bss               zero     0x2000'0094    0x48  main.o [1]
  .bss               zero     0x2000'00dc    0x48  main.o [1]
  .bss               zero     0x2000'0124    0x48  main.o [1]
  .bss               zero     0x2000'016c    0x40  main.o [1]
  .bss               zero     0x2000'01ac     0x4  main.o [1]
  .bss               zero     0x2000'01b0     0x4  stm32f0xx_hal.o [1]
                            - 0x2000'01b4   0x1a4

"P2", part 3 of 3:                          0x400
  CSTACK                      0x2000'01b8   0x400  <Block>
    CSTACK           uninit   0x2000'01b8   0x400  <Block tail>
                            - 0x2000'05b8   0x400

Unused ranges:

         From           To    Size
         ----           --    ----
   0x800'2592   0x800'7fff  0x5a6e
  0x2000'01b4  0x2000'01b7     0x4
  0x2000'05b8  0x2000'0fff   0xa48


*******************************************************************************
*** INIT TABLE
***

          Address      Size
          -------      ----
Zero (__iar_zero_init3)
    1 destination range, total size 0x1a4:
          0x2000'0010  0x1a4

Copy (__iar_copy_init3)
    1 source range, total size 0x10 (123% of destination):
           0x800'2540   0x10
    1 destination range, total size 0xd:
          0x2000'0000    0xd



*******************************************************************************
*** MODULE SUMMARY
***

    Module                  ro code  ro data  rw data
    ------                  -------  -------  -------
command line/config:
    -------------------------------------------------
    Total:

C:\Users\mskmu\iCloudDrive\Projects\SOH Tester\Cell Tester\IAR\Debug\Obj: [1]
    main.o                    1 118       20      420
    startup_stm32f030x6.o       230
    stm32f0xx_hal.o             148        5        9
    stm32f0xx_hal_adc.o         816
    stm32f0xx_hal_cortex.o      264
    stm32f0xx_hal_gpio.o        536
    stm32f0xx_hal_msp.o         544
    stm32f0xx_hal_rcc.o       1 652       32
    stm32f0xx_hal_rcc_ex.o      280
    stm32f0xx_hal_tim.o       1 806
    stm32f0xx_hal_tim_ex.o      440
    stm32f0xx_hal_uart.o      1 060
    stm32f0xx_it.o               36
    system_stm32f0xx.o            2       28        4
    -------------------------------------------------
    Total:                    8 932       85      433

dl6M_tln.a: [2]
    exit.o                        8
    low_level_init.o              4
    -------------------------------------------------
    Total:                       12

rt6M_tl.a: [3]
    ABImemcpy.o                  52
    ABImemset.o                  50
    I32DivModFast.o             224
    IntDivZer.o                   2
    cexit.o                      10
    cmain.o                      30
    copy_init3.o                 48
    cstartup_M.o                 12
    data_init.o                  40
    zero_init3.o                 60
    -------------------------------------------------
    Total:                      528

shb_l.a: [4]
    exit.o                       20
    -------------------------------------------------
    Total:                       20

    Gaps                                   2
    Linker created                        39    1 024
-----------------------------------------------------
    Grand Total:              9 492      126    1 457


*******************************************************************************
*** ENTRY LIST
***

Entry                       Address   Size  Type      Object
-----                       -------   ----  ----      ------
.iar.init_table$$Base    0x800'2490          --   Gb  - Linker created -
.iar.init_table$$Limit   0x800'24b4          --   Gb  - Linker created -
?main                    0x800'24b5         Code  Gb  cmain.o [3]
AHBPrescTable            0x800'2520   0x10  Data  Gb  system_stm32f0xx.o [1]
APBPrescTable            0x800'2570    0x8  Data  Gb  system_stm32f0xx.o [1]
CSTACK$$Base            0x2000'01b8          --   Gb  - Linker created -
CSTACK$$Limit           0x2000'05b8          --   Gb  - Linker created -
Error_Handler            0x800'1979    0x6  Code  Gb  main.o [1]
HAL_ADC_ConfigChannel    0x800'1e35  0x156  Code  Gb  stm32f0xx_hal_adc.o [1]
HAL_ADC_Init             0x800'1c6d  0x1ba  Code  Gb  stm32f0xx_hal_adc.o [1]
HAL_ADC_MspInit          0x800'07e1   0x7a  Code  Gb  stm32f0xx_hal_msp.o [1]
HAL_GPIO_Init            0x800'0a19  0x1e0  Code  Gb  stm32f0xx_hal_gpio.o [1]
HAL_GPIO_WritePin        0x800'0c0d   0x14  Code  Gb  stm32f0xx_hal_gpio.o [1]
HAL_GetTick              0x800'13ad    0xc  Code  Wk  stm32f0xx_hal.o [1]
HAL_IncTick              0x800'2479   0x18  Code  Wk  stm32f0xx_hal.o [1]
HAL_Init                 0x800'1981   0x1a  Code  Gb  stm32f0xx_hal.o [1]
HAL_InitTick             0x800'13b9   0x50  Code  Wk  stm32f0xx_hal.o [1]
HAL_MspInit              0x800'07b5   0x2c  Code  Gb  stm32f0xx_hal_msp.o [1]
HAL_NVIC_EnableIRQ       0x800'0d0d    0xa  Code  Gb  stm32f0xx_hal_cortex.o [1]
HAL_NVIC_SetPriority     0x800'0d03    0xa  Code  Gb  stm32f0xx_hal_cortex.o [1]
HAL_RCCEx_PeriphCLKConfig
                         0x800'1b55   0xf8  Code  Gb  stm32f0xx_hal_rcc_ex.o [1]
HAL_RCC_ClockConfig      0x800'11b1  0x128  Code  Gb  stm32f0xx_hal_rcc.o [1]
HAL_RCC_GetHCLKFreq      0x800'135d    0x6  Code  Gb  stm32f0xx_hal_rcc.o [1]
HAL_RCC_GetPCLK1Freq     0x800'1363   0x18  Code  Gb  stm32f0xx_hal_rcc.o [1]
HAL_RCC_GetSysClockFreq
                         0x800'12ed   0x6c  Code  Gb  stm32f0xx_hal_rcc.o [1]
HAL_RCC_OscConfig        0x800'0d39  0x466  Code  Gb  stm32f0xx_hal_rcc.o [1]
HAL_SYSTICK_Config       0x800'0d17    0x8  Code  Gb  stm32f0xx_hal_cortex.o [1]
HAL_TIMEx_BreakCallback
                         0x800'09dd    0x2  Code  Wk  stm32f0xx_hal_tim_ex.o [1]
HAL_TIMEx_CommutCallback
                         0x800'09e1    0x2  Code  Wk  stm32f0xx_hal_tim_ex.o [1]
HAL_TIMEx_ConfigBreakDeadTime
                         0x800'1ab5   0x5c  Code  Gb  stm32f0xx_hal_tim_ex.o [1]
HAL_TIMEx_MasterConfigSynchronization
                         0x800'1a5d   0x58  Code  Gb  stm32f0xx_hal_tim_ex.o [1]
HAL_TIMEx_PWMN_Start     0x800'19a1   0xb0  Code  Gb  stm32f0xx_hal_tim_ex.o [1]
HAL_TIM_Base_Init        0x800'00b1   0x5c  Code  Gb  stm32f0xx_hal_tim.o [1]
HAL_TIM_Base_MspInit     0x800'0897   0x30  Code  Gb  stm32f0xx_hal_msp.o [1]
HAL_TIM_Base_Start_IT    0x800'010d   0x56  Code  Gb  stm32f0xx_hal_tim.o [1]
HAL_TIM_IRQHandler       0x800'02ad  0x1ac  Code  Gb  stm32f0xx_hal_tim.o [1]
HAL_TIM_MspPostInit      0x800'08c7   0x82  Code  Gb  stm32f0xx_hal_msp.o [1]
HAL_TIM_PWM_ConfigChannel
                         0x800'0459   0xfa  Code  Gb  stm32f0xx_hal_tim.o [1]
HAL_TIM_PWM_Init         0x800'016d   0x5c  Code  Gb  stm32f0xx_hal_tim.o [1]
HAL_TIM_PWM_MspInit      0x800'085b   0x3c  Code  Gb  stm32f0xx_hal_msp.o [1]
HAL_TIM_PWM_Start        0x800'01c9   0xd2  Code  Gb  stm32f0xx_hal_tim.o [1]
HAL_UART_Init            0x800'1f9d   0x7a  Code  Gb  stm32f0xx_hal_uart.o [1]
HAL_UART_MspInit         0x800'0949   0x62  Code  Gb  stm32f0xx_hal_msp.o [1]
HardFault_Handler        0x800'2459    0x4  Code  Gb  stm32f0xx_it.o [1]
MX_ADC_Init              0x800'160f   0xf6  Code  Lc  main.o [1]
MX_GPIO_Init             0x800'1891   0xb6  Code  Lc  main.o [1]
MX_TIM16_Init            0x800'181f   0x26  Code  Lc  main.o [1]
MX_TIM1_Init             0x800'1705   0xa6  Code  Lc  main.o [1]
MX_TIM3_Init             0x800'17ab   0x74  Code  Lc  main.o [1]
MX_USART1_UART_Init      0x800'1855   0x30  Code  Lc  main.o [1]
NMI_Handler              0x800'2455    0x4  Code  Gb  stm32f0xx_it.o [1]
PendSV_Handler           0x800'245f    0x2  Code  Gb  stm32f0xx_it.o [1]
Region$$Table$$Base      0x800'2490          --   Gb  - Linker created -
Region$$Table$$Limit     0x800'24b4          --   Gb  - Linker created -
SVC_Handler              0x800'245d    0x2  Code  Gb  stm32f0xx_it.o [1]
SysTick_Config           0x800'0cd3   0x30  Code  Lc  stm32f0xx_hal_cortex.o [1]
SysTick_Handler          0x800'2461    0x8  Code  Gb  stm32f0xx_it.o [1]
SystemClock_Config       0x800'1591   0x7e  Code  Gb  main.o [1]
SystemCoreClock         0x2000'0008    0x4  Data  Gb  system_stm32f0xx.o [1]
SystemInit               0x800'2591    0x2  Code  Gb  system_stm32f0xx.o [1]
TIM16_IRQHandler         0x800'2469    0xa  Code  Gb  stm32f0xx_it.o [1]
TIM_Base_SetConfig       0x800'0559   0x6a  Code  Gb  stm32f0xx_hal_tim.o [1]
TIM_CCxChannelCmd        0x800'0795   0x20  Code  Gb  stm32f0xx_hal_tim.o [1]
TIM_CCxNChannelCmd       0x800'1b35   0x20  Code  Lc  stm32f0xx_hal_tim_ex.o [1]
TIM_OC1_SetConfig        0x800'05c3   0x70  Code  Lc  stm32f0xx_hal_tim.o [1]
TIM_OC2_SetConfig        0x800'0633   0x6e  Code  Gb  stm32f0xx_hal_tim.o [1]
TIM_OC3_SetConfig        0x800'06a1   0x6a  Code  Lc  stm32f0xx_hal_tim.o [1]
TIM_OC4_SetConfig        0x800'070b   0x50  Code  Lc  stm32f0xx_hal_tim.o [1]
UART_AdvFeatureConfig    0x800'2155   0xde  Code  Gb  stm32f0xx_hal_uart.o [1]
UART_CheckIdleState      0x800'2239   0x64  Code  Gb  stm32f0xx_hal_uart.o [1]
UART_SetConfig           0x800'201d  0x136  Code  Gb  stm32f0xx_hal_uart.o [1]
UART_WaitOnFlagUntilTimeout
                         0x800'22ad   0xe2  Code  Gb  stm32f0xx_hal_uart.o [1]
__ICFEDIT_region_RAM_end__ {Abs}
                        0x2000'0fff         Data  Gb  <internal module>
__ICFEDIT_region_RAM_start__ {Abs}
                        0x2000'0000         Data  Gb  <internal module>
__NVIC_EnableIRQ         0x800'0c31   0x18  Code  Lc  stm32f0xx_hal_cortex.o [1]
__NVIC_SetPriority       0x800'0c49   0x8a  Code  Lc  stm32f0xx_hal_cortex.o [1]
__aeabi_idiv             0x800'1469         Code  Gb  I32DivModFast.o [3]
__aeabi_idiv0            0x800'151d         Code  Gb  IntDivZer.o [3]
__aeabi_idivmod          0x800'1469         Code  Gb  I32DivModFast.o [3]
__aeabi_memclr4          0x800'09e5         Code  Gb  ABImemset.o [3]
__aeabi_memclr8          0x800'09e5         Code  Gb  ABImemset.o [3]
__aeabi_memcpy4          0x800'1409         Code  Gb  ABImemcpy.o [3]
__aeabi_memcpy8          0x800'1409         Code  Gb  ABImemcpy.o [3]
__aeabi_uidiv            0x800'146f         Code  Gb  I32DivModFast.o [3]
__aeabi_uidivmod         0x800'146f         Code  Gb  I32DivModFast.o [3]
__cmain                  0x800'24b5         Code  Gb  cmain.o [3]
__exit                   0x800'24ed   0x14  Code  Gb  exit.o [4]
__iar_Memset4_word       0x800'09e9         Code  Gb  ABImemset.o [3]
__iar_copy_init3         0x800'23fd   0x30  Code  Gb  copy_init3.o [3]
__iar_data_init3         0x800'242d   0x28  Code  Gb  data_init.o [3]
__iar_program_start      0x800'2551         Code  Gb  cstartup_M.o [3]
__iar_zero_init3         0x800'23c1   0x3c  Code  Gb  zero_init3.o [3]
__low_level_init         0x800'24d3    0x4  Code  Gb  low_level_init.o [2]
__vector_table           0x800'0000         Data  Gb  startup_stm32f030x6.o [1]
_call_main               0x800'24c1         Code  Gb  cmain.o [3]
_exit                    0x800'24e1         Code  Gb  cexit.o [3]
_main                    0x800'24cf         Code  Gb  cmain.o [3]
duty                    0x2000'0000    0x4  Data  Gb  main.o [1]
exit                     0x800'24d7    0x8  Code  Gb  exit.o [2]
hadc                    0x2000'016c   0x40  Data  Gb  main.o [1]
htim1                   0x2000'0094   0x48  Data  Gb  main.o [1]
htim16                  0x2000'0124   0x48  Data  Gb  main.o [1]
htim3                   0x2000'00dc   0x48  Data  Gb  main.o [1]
huart1                  0x2000'0010   0x84  Data  Gb  main.o [1]
main                     0x800'1521   0x70  Code  Gb  main.o [1]
pulse                   0x2000'01ac    0x4  Data  Gb  main.o [1]
uwTick                  0x2000'01b0    0x4  Data  Gb  stm32f0xx_hal.o [1]
uwTickFreq              0x2000'000c    0x1  Data  Gb  stm32f0xx_hal.o [1]
uwTickPrio              0x2000'0004    0x4  Data  Gb  stm32f0xx_hal.o [1]


[1] = C:\Users\mskmu\iCloudDrive\Projects\SOH Tester\Cell Tester\IAR\Debug\Obj
[2] = dl6M_tln.a
[3] = rt6M_tl.a
[4] = shb_l.a

  9 492 bytes of readonly  code memory
    126 bytes of readonly  data memory
  1 457 bytes of readwrite data memory

Errors: none
Warnings: none
